PS C:\Users\syuav\OneDrive\デスクトップ\lesson> cd git_challenge
PS C:\Users\syuav\OneDrive\デスクトップ\lesson\git_challenge> git add hello_world.txt
fatal: not a git repository (or any of the parent directories): .git
PS C:\Users\syuav\OneDrive\デスクトップ\lesson\git_challenge> git add hello_world.txt.txt
fatal: not a git repository (or any of the parent directories): .git
PS C:\Users\syuav\OneDrive\デスクトップ\lesson\git_challenge> 
 *  履歴が復元されました 

PS C:\Users\syuav\OneDrive\デスクトップ\lesson> 
 *  履歴が復元されました 

PS C:\Users\syuav\OneDrive\デスクトップ\lesson> git add hello_world.txt
fatal: not a git repository (or any of the parent directories): .git
PS C:\Users\syuav\OneDrive\デスクトップ\lesson> cd git_challenge
PS C:\Users\syuav\OneDrive\デスクトップ\lesson\git_challenge> git add hello_world.txt
fatal: not a git repository (or any of the parent directories): .git
PS C:\Users\syuav\OneDrive\デスクトップ\lesson\git_challenge> git init
Initialized empty Git repository in C:/Users/syuav/OneDrive/デスクトップ/lesson/git_challenge/.git/
PS C:\Users\syuav\OneDrive\デスクトップ\lesson\git_challenge> git add hello_world.txt
PS C:\Users\syuav\OneDrive\デスクトップ\lesson\git_challenge> git commit -m "1回目のコミッ"ト"
[main (root-commit) 5c58aa3] 1回目のコミット
 1 file changed, 1 insertion(+)
 create mode 100644 hello_world.txt
PS C:\Users\syuav\OneDrive\デスクトップ\lesson\git_challenge> git add hello_world.txt
PS C:\Users\syuav\OneDrive\デスクトップ\lesson\git_challenge> git add hello_world.txt
PS C:\Users\syuav\OneDrive\デスクトップ\lesson\git_challenge> git commit -m "2回目のコミッ"ト"
[main d158235] 2回目のコミット
 1 file changed, 2 insertions(+), 1 deletion(-)
PS C:\Users\syuav\OneDrive\デスクトップ\lesson\git_challenge> git log
commit d15823539aba31e5150045aa562b4c0f18b80c25 (HEAD -> main)
Author: mino <syua.vs.26823@gmail.com>
Date:   Mon Sep 16 13:33:07 2024 +0900

    2回目のコミット

commit 5c58aa306236b817eb51910e83f5f6717386a1c3
Author: mino <syua.vs.26823@gmail.com>
Date:   Mon Sep 16 13:31:11 2024 +0900

    1回目のコミット

PS C:\Users\syuav\OneDrive\デスクトップ\lesson\git_challenge> git log --oneline
d158235 (HEAD -> main) 2回目のコミット
5c58aa3 1回目のコミット